Parsing: (created_at between "2023-01-01" and "2023-12-31") and ((category = "A" and price > 100) or (category = "B" and price > 50))
[AND]
  [BETWEEN]
    [IDENTIFIER]: created_at
    [ARRAY]:
      [DATE]: 2023-01-01
      [DATE]: 2023-12-31
  [OR]
    [AND]
      [EQ]
        [IDENTIFIER]: category
        [STRING]: A
      [GT]
        [IDENTIFIER]: price
        [NUMBER]: 100
    [AND]
      [EQ]
        [IDENTIFIER]: category
        [STRING]: B
      [GT]
        [IDENTIFIER]: price
        [NUMBER]: 50
