Parsing: ((a = 1 or b = 2) and (c = 3 or d = 4)) or ((e = 5 or f = 6) and (g = 7 or h = 8))
[OR]
  [AND]
    [OR]
      [EQ]
        [IDENTIFIER]: a
        [NUMBER]: 1
      [EQ]
        [IDENTIFIER]: b
        [NUMBER]: 2
    [OR]
      [EQ]
        [IDENTIFIER]: c
        [NUMBER]: 3
      [EQ]
        [IDENTIFIER]: d
        [NUMBER]: 4
  [AND]
    [OR]
      [EQ]
        [IDENTIFIER]: e
        [NUMBER]: 5
      [EQ]
        [IDENTIFIER]: f
        [NUMBER]: 6
    [OR]
      [EQ]
        [IDENTIFIER]: g
        [NUMBER]: 7
      [EQ]
        [IDENTIFIER]: h
        [NUMBER]: 8
