Parsing: name like "%smith%" and age > 30 and created_at > "2023-01-01" and (status in ("active", "pending") or is_featured = true)
[AND]
  [AND]
    [AND]
      [LIKE]
        [IDENTIFIER]: name
        [STRING]: %smith%
      [GT]
        [IDENTIFIER]: age
        [NUMBER]: 30
    [GT]
      [IDENTIFIER]: created_at
      [DATE]: 2023-01-01
  [OR]
    [IN]
      [IDENTIFIER]: status
      [ARRAY]:
        [STRING]: active
        [STRING]: pending
    [EQ]
      [IDENTIFIER]: is_featured
      [BOOLEAN]: true
