Parsing: not a in [1,2,3] and b like "test%" or c between 5 and 10
[OR]
  [AND]
    [IN]
      [NOT]
        [IDENTIFIER]: a
      [ARRAY]:
        [NUMBER]: 1
        [NUMBER]: 2
        [NUMBER]: 3
    [LIKE]
      [IDENTIFIER]: b
      [STRING]: test%
  [BETWEEN]
    [IDENTIFIER]: c
    [ARRAY]:
      [NUMBER]: 5
      [NUMBER]: 10
