Parsing: (name ~= "^[A-Z].*" or description like "%important%") and not (category in ["test"] or priority < 3)
[AND]
  [OR]
    [REQ]
      [IDENTIFIER]: name
      [STRING]: ^[A-Z].*
    [LIKE]
      [IDENTIFIER]: description
      [STRING]: %important%
  [NOT]
    [OR]
      [IN]
        [IDENTIFIER]: category
        [ARRAY]:
          [STRING]: test
      [LT]
        [IDENTIFIER]: priority
        [NUMBER]: 3
