Parsing: (name ~= "^[A-Z].*" and size > 1Gi) or (count between 1 and 10 and status in ["active"]) and not (updated_at < "2023-12-31" or memory <= 512Mi)
[OR]
  [AND]
    [REQ]
      [IDENTIFIER]: name
      [STRING]: ^[A-Z].*
    [GT]
      [IDENTIFIER]: size
      [NUMBER]: 1.073741824e+09
  [AND]
    [AND]
      [BETWEEN]
        [IDENTIFIER]: count
        [ARRAY]:
          [NUMBER]: 1
          [NUMBER]: 10
      [IN]
        [IDENTIFIER]: status
        [ARRAY]:
          [STRING]: active
    [NOT]
      [OR]
        [LT]
          [IDENTIFIER]: updated_at
          [DATE]: 2023-12-31
        [LE]
          [IDENTIFIER]: memory
          [NUMBER]: 5.36870912e+08
